// Jest Snapshot v1, https://goo.gl/fbAQLP

exports[`Storyshots FictionPreview default 1`] = `
<div>
  <div
    style={
      Object {
        "position": "relative",
        "zIndex": 0,
      }
    }
  >
    <div
      className="fiction-preview"
      style={
        Object {
          "backgroundColor": "#b3e5fc",
        }
      }
    >
      <div
        className="content-box"
      >
        <ul
          className="actions"
        >
          <li>
            <div
              className="custom-overlay"
            >
              <div
                onBlur={[Function]}
                onClick={null}
                onFocus={[Function]}
                onMouseOut={[Function]}
                onMouseOver={[Function]}
              >
                <button
                  className="edit btn btn-default"
                  disabled={false}
                  onClick={[Function]}
                  type="button"
                >
                  <span
                    className="assembl-icon-edit"
                  />
                </button>
              </div>
            </div>
          </li>
          <li>
            <div
              className="custom-overlay"
            >
              <div
                onBlur={[Function]}
                onClick={null}
                onFocus={[Function]}
                onMouseOut={[Function]}
                onMouseOver={[Function]}
              >
                <button
                  className="btn btn-default"
                  disabled={false}
                  onClick={[Function]}
                  type="button"
                >
                  <span
                    className="assembl-icon-delete"
                  />
                </button>
              </div>
            </div>
          </li>
          <li>
            <div
              className="custom-overlay"
            >
              <div
                onBlur={[Function]}
                onClick={null}
                onFocus={[Function]}
                onMouseOut={[Function]}
                onMouseOver={[Function]}
              >
                <a
                  className={undefined}
                  onClick={[Function]}
                  style={Object {}}
                >
                  <span
                    className="assembl-icon-share"
                  />
                </a>
              </div>
            </div>
          </li>
        </ul>
        <a
          className="link"
          onClick={[Function]}
          style={Object {}}
        >
          <div
            className="inner-box"
          >
            <h3>
              Lorem ipsum dolor sit amet, consectetur adipiscing elit. Donec quis tincidunt dolor.
            </h3>
            <p
              className="info"
            >
              <span
                className="author"
              >
                John Doe
              </span>
              <span
                className="published-date"
              >
                 - 01/01/2018
              </span>
            </p>
          </div>
        </a>
      </div>
    </div>
  </div>
  <button
    onClick={[Function]}
    style={
      Object {
        "background": "#28c",
        "border": "none",
        "borderRadius": "0 0 0 5px",
        "color": "#fff",
        "cursor": "pointer",
        "display": "block",
        "fontFamily": "sans-serif",
        "fontSize": "12px",
        "padding": "5px 15px",
        "position": "fixed",
        "right": 0,
        "top": 0,
      }
    }
    type="button"
  >
    Show Info
  </button>
  <div
    style={
      Object {
        "background": "white",
        "bottom": 0,
        "display": "none",
        "left": 0,
        "overflow": "auto",
        "padding": "0 40px",
        "position": "fixed",
        "right": 0,
        "top": 0,
        "zIndex": 99999,
      }
    }
  >
    <button
      onClick={[Function]}
      style={
        Object {
          "background": "#28c",
          "border": "none",
          "borderRadius": "0 0 0 5px",
          "color": "#fff",
          "cursor": "pointer",
          "display": "block",
          "fontFamily": "sans-serif",
          "fontSize": "12px",
          "padding": "5px 15px",
          "position": "fixed",
          "right": 0,
          "top": 0,
        }
      }
      type="button"
    >
      ×
    </button>
    <div
      style={undefined}
    >
      <div
        style={
          Object {
            "WebkitFontSmoothing": "antialiased",
            "backgroundColor": "#fff",
            "border": "1px solid #eee",
            "borderRadius": "2px",
            "boxShadow": "0px 2px 3px rgba(0, 0, 0, 0.05)",
            "color": "#444",
            "fontFamily": "-apple-system, \\".SFNSText-Regular\\", \\"San Francisco\\", BlinkMacSystemFont, \\"Segoe UI\\", \\"Roboto\\", \\"Oxygen\\", \\"Ubuntu\\", \\"Cantarell\\", \\"Fira Sans\\", \\"Droid Sans\\", \\"Helvetica Neue\\", \\"Lucida Grande\\", \\"Arial\\", sans-serif",
            "fontSize": "15px",
            "fontWeight": 300,
            "lineHeight": 1.45,
            "marginBottom": "20px",
            "marginTop": "20px",
            "padding": "20px 40px 40px",
          }
        }
      >
        <div
          style={
            Object {
              "borderBottom": "1px solid #eee",
              "marginBottom": 10,
              "paddingTop": 10,
            }
          }
        >
          <h1
            style={
              Object {
                "fontSize": "35px",
                "margin": 0,
                "padding": 0,
              }
            }
          >
            FictionPreview
          </h1>
          <h2
            style={
              Object {
                "fontSize": "22px",
                "fontWeight": 400,
                "margin": "0 0 10px 0",
                "padding": 0,
              }
            }
          >
            default
          </h2>
        </div>
        
        <div>
          <h1
            style={
              Object {
                "borderBottom": "1px solid #EEE",
                "fontSize": "25px",
                "margin": "20px 0 0 0",
                "padding": "0 0 5px 0",
              }
            }
          >
            Story Source
          </h1>
          <pre
            className="css-4akams"
          >
            <div>
              <div
                style={
                  Object {
                    "paddingLeft": 18,
                    "paddingRight": 3,
                  }
                }
              >
                <span
                  style={
                    Object {
                      "color": "#777",
                    }
                  }
                >
                  &lt;
                  FictionPreview
                </span>
                <span>
                  <span>
                    <span>
                      <br />
                        
                    </span>
                    <span
                      style={Object {}}
                    >
                      id
                    </span>
                    <span>
                      =
                      <span
                        style={Object {}}
                      >
                        "
                        <span
                          style={
                            Object {
                              "color": "#22a",
                              "wordBreak": "break-word",
                            }
                          }
                        >
                          0
                        </span>
                        "
                      </span>
                    </span>
                  </span>
                  <span>
                    <span>
                      <br />
                        
                    </span>
                    <span
                      style={Object {}}
                    >
                      title
                    </span>
                    <span>
                      =
                      <span
                        style={Object {}}
                      >
                        "
                        <span
                          style={
                            Object {
                              "color": "#22a",
                              "wordBreak": "break-word",
                            }
                          }
                        >
                          Lorem ipsum dolor sit amet, consectetur adipiscing…
                        </span>
                        "
                      </span>
                    </span>
                  </span>
                  <span>
                    <span>
                      <br />
                        
                    </span>
                    <span
                      style={Object {}}
                    >
                      authorName
                    </span>
                    <span>
                      =
                      <span
                        style={Object {}}
                      >
                        "
                        <span
                          style={
                            Object {
                              "color": "#22a",
                              "wordBreak": "break-word",
                            }
                          }
                        >
                          John Doe
                        </span>
                        "
                      </span>
                    </span>
                  </span>
                  <span>
                    <span>
                      <br />
                        
                    </span>
                    <span
                      style={Object {}}
                    >
                      creationDate
                    </span>
                    <span>
                      =
                      <span
                        style={Object {}}
                      >
                        "
                        <span
                          style={
                            Object {
                              "color": "#22a",
                              "wordBreak": "break-word",
                            }
                          }
                        >
                          01/01/2018
                        </span>
                        "
                      </span>
                    </span>
                  </span>
                  <span>
                    <span>
                      <br />
                        
                    </span>
                    <span
                      style={Object {}}
                    >
                      link
                    </span>
                    <span>
                      =
                      <span
                        style={Object {}}
                      >
                        "
                        <span
                          style={
                            Object {
                              "color": "#22a",
                              "wordBreak": "break-word",
                            }
                          }
                        >
                          /url/preview
                        </span>
                        "
                      </span>
                    </span>
                  </span>
                  <span>
                    <span>
                      <br />
                        
                    </span>
                    <span
                      style={Object {}}
                    >
                      color
                    </span>
                    <span>
                      =
                      <span
                        style={Object {}}
                      >
                        "
                        <span
                          style={
                            Object {
                              "color": "#22a",
                              "wordBreak": "break-word",
                            }
                          }
                        >
                          #b3e5fc
                        </span>
                        "
                      </span>
                    </span>
                  </span>
                  <span>
                    <span>
                      <br />
                        
                    </span>
                    <span
                      style={Object {}}
                    >
                      originalBody
                    </span>
                    <span>
                      =
                      <span
                        style={Object {}}
                      >
                        "
                        <span
                          style={
                            Object {
                              "color": "#22a",
                              "wordBreak": "break-word",
                            }
                          }
                        >
                          Origin body
                        </span>
                        "
                      </span>
                    </span>
                  </span>
                  <span>
                    <span>
                      <br />
                        
                    </span>
                    <span
                      style={Object {}}
                    >
                      refetchIdea
                    </span>
                    <span>
                      =
                      <span
                        style={Object {}}
                      >
                        {
                        <span
                          style={
                            Object {
                              "color": "#170",
                            }
                          }
                        >
                          refetchIdea
                        </span>
                        }
                      </span>
                    </span>
                  </span>
                  <span>
                    <span>
                      <br />
                        
                    </span>
                    <span
                      style={Object {}}
                    >
                      lang
                    </span>
                    <span>
                      =
                      <span
                        style={Object {}}
                      >
                        "
                        <span
                          style={
                            Object {
                              "color": "#22a",
                              "wordBreak": "break-word",
                            }
                          }
                        >
                          fr
                        </span>
                        "
                      </span>
                    </span>
                  </span>
                  <span>
                    <span>
                      <br />
                        
                    </span>
                    <span
                      style={Object {}}
                    >
                      userCanEdit
                    </span>
                  </span>
                  <span>
                    <span>
                      <br />
                        
                    </span>
                    <span
                      style={Object {}}
                    >
                      userCanDelete
                    </span>
                  </span>
                  <span>
                    <span>
                      <br />
                        
                    </span>
                    <span
                      style={Object {}}
                    >
                      deleteFictionHandler
                    </span>
                    <span>
                      =
                      <span
                        style={Object {}}
                      >
                        {
                        <span
                          style={
                            Object {
                              "color": "#170",
                            }
                          }
                        >
                          deleteFictionHandler
                        </span>
                        }
                      </span>
                    </span>
                  </span>
                  <span>
                    <span>
                      <br />
                        
                    </span>
                    <span
                      style={Object {}}
                    >
                      publicationState
                    </span>
                    <span>
                      =
                      <span
                        style={Object {}}
                      >
                        "
                        <span
                          style={
                            Object {
                              "color": "#22a",
                              "wordBreak": "break-word",
                            }
                          }
                        >
                          PUBLISHED
                        </span>
                        "
                      </span>
                    </span>
                    <br />
                  </span>
                </span>
                <span
                  style={
                    Object {
                      "color": "#777",
                    }
                  }
                >
                  /&gt;
                </span>
              </div>
            </div>
            <button
              className="css-py33tc"
              onClick={[Function]}
            >
              <div
                className="css-kv47nt"
              >
                <div
                  style={
                    Object {
                      "marginBottom": 6,
                    }
                  }
                >
                  Copied!
                </div>
                <div>
                  Copy
                </div>
              </div>
            </button>
          </pre>
        </div>
        <div>
          <h1
            style={
              Object {
                "borderBottom": "1px solid #EEE",
                "fontSize": "25px",
                "margin": "20px 0 0 0",
                "padding": "0 0 5px 0",
              }
            }
          >
            Prop Types
          </h1>
          <div>
            <h2
              style={
                Object {
                  "margin": "20px 0 0 0",
                }
              }
            >
              "
              FictionPreview
              " Component
            </h2>
            <small>
              No propTypes defined!
            </small>
          </div>
        </div>
      </div>
    </div>
  </div>
</div>
`;

exports[`Storyshots FictionPreview playground 1`] = `
<div>
  <div
    style={
      Object {
        "position": "relative",
        "zIndex": 0,
      }
    }
  >
    <div
      className="fiction-preview"
      style={
        Object {
          "backgroundColor": "#b3e5fc",
        }
      }
    >
      <div
        className="content-box"
      >
        <ul
          className="actions"
        >
          <li>
            <div
              className="custom-overlay"
            >
              <div
                onBlur={[Function]}
                onClick={null}
                onFocus={[Function]}
                onMouseOut={[Function]}
                onMouseOver={[Function]}
              >
                <button
                  className="edit btn btn-default"
                  disabled={false}
                  onClick={[Function]}
                  type="button"
                >
                  <span
                    className="assembl-icon-edit"
                  />
                </button>
              </div>
            </div>
          </li>
          <li>
            <div
              className="custom-overlay"
            >
              <div
                onBlur={[Function]}
                onClick={null}
                onFocus={[Function]}
                onMouseOut={[Function]}
                onMouseOver={[Function]}
              >
                <button
                  className="btn btn-default"
                  disabled={false}
                  onClick={[Function]}
                  type="button"
                >
                  <span
                    className="assembl-icon-delete"
                  />
                </button>
              </div>
            </div>
          </li>
          <li>
            <div
              className="custom-overlay"
            >
              <div
                onBlur={[Function]}
                onClick={null}
                onFocus={[Function]}
                onMouseOut={[Function]}
                onMouseOver={[Function]}
              >
                <a
                  className={undefined}
                  onClick={[Function]}
                  style={Object {}}
                >
                  <span
                    className="assembl-icon-share"
                  />
                </a>
              </div>
            </div>
          </li>
        </ul>
        <a
          className="link"
          onClick={[Function]}
          style={Object {}}
        >
          <div
            className="inner-box"
          >
            <h3>
              Lorem ipsum dolor sit amet, consectetur adipiscing elit. Donec quis tincidunt dolor.
            </h3>
            <p
              className="info"
            >
              <span
                className="author"
              >
                John Doe
              </span>
              <span
                className="published-date"
              >
                 - 01/01/2018
              </span>
            </p>
          </div>
        </a>
      </div>
    </div>
  </div>
  <button
    onClick={[Function]}
    style={
      Object {
        "background": "#28c",
        "border": "none",
        "borderRadius": "0 0 0 5px",
        "color": "#fff",
        "cursor": "pointer",
        "display": "block",
        "fontFamily": "sans-serif",
        "fontSize": "12px",
        "padding": "5px 15px",
        "position": "fixed",
        "right": 0,
        "top": 0,
      }
    }
    type="button"
  >
    Show Info
  </button>
  <div
    style={
      Object {
        "background": "white",
        "bottom": 0,
        "display": "none",
        "left": 0,
        "overflow": "auto",
        "padding": "0 40px",
        "position": "fixed",
        "right": 0,
        "top": 0,
        "zIndex": 99999,
      }
    }
  >
    <button
      onClick={[Function]}
      style={
        Object {
          "background": "#28c",
          "border": "none",
          "borderRadius": "0 0 0 5px",
          "color": "#fff",
          "cursor": "pointer",
          "display": "block",
          "fontFamily": "sans-serif",
          "fontSize": "12px",
          "padding": "5px 15px",
          "position": "fixed",
          "right": 0,
          "top": 0,
        }
      }
      type="button"
    >
      ×
    </button>
    <div
      style={undefined}
    >
      <div
        style={
          Object {
            "WebkitFontSmoothing": "antialiased",
            "backgroundColor": "#fff",
            "border": "1px solid #eee",
            "borderRadius": "2px",
            "boxShadow": "0px 2px 3px rgba(0, 0, 0, 0.05)",
            "color": "#444",
            "fontFamily": "-apple-system, \\".SFNSText-Regular\\", \\"San Francisco\\", BlinkMacSystemFont, \\"Segoe UI\\", \\"Roboto\\", \\"Oxygen\\", \\"Ubuntu\\", \\"Cantarell\\", \\"Fira Sans\\", \\"Droid Sans\\", \\"Helvetica Neue\\", \\"Lucida Grande\\", \\"Arial\\", sans-serif",
            "fontSize": "15px",
            "fontWeight": 300,
            "lineHeight": 1.45,
            "marginBottom": "20px",
            "marginTop": "20px",
            "padding": "20px 40px 40px",
          }
        }
      >
        <div
          style={
            Object {
              "borderBottom": "1px solid #eee",
              "marginBottom": 10,
              "paddingTop": 10,
            }
          }
        >
          <h1
            style={
              Object {
                "fontSize": "35px",
                "margin": 0,
                "padding": 0,
              }
            }
          >
            FictionPreview
          </h1>
          <h2
            style={
              Object {
                "fontSize": "22px",
                "fontWeight": 400,
                "margin": "0 0 10px 0",
                "padding": 0,
              }
            }
          >
            playground
          </h2>
        </div>
        
        <div>
          <h1
            style={
              Object {
                "borderBottom": "1px solid #EEE",
                "fontSize": "25px",
                "margin": "20px 0 0 0",
                "padding": "0 0 5px 0",
              }
            }
          >
            Story Source
          </h1>
          <pre
            className="css-4akams"
          >
            <div>
              <div
                style={
                  Object {
                    "paddingLeft": 18,
                    "paddingRight": 3,
                  }
                }
              >
                <span
                  style={
                    Object {
                      "color": "#777",
                    }
                  }
                >
                  &lt;
                  FictionPreview
                </span>
                <span>
                  <span>
                    <span>
                      <br />
                        
                    </span>
                    <span
                      style={Object {}}
                    >
                      id
                    </span>
                    <span>
                      =
                      <span
                        style={Object {}}
                      >
                        "
                        <span
                          style={
                            Object {
                              "color": "#22a",
                              "wordBreak": "break-word",
                            }
                          }
                        >
                          0
                        </span>
                        "
                      </span>
                    </span>
                  </span>
                  <span>
                    <span>
                      <br />
                        
                    </span>
                    <span
                      style={Object {}}
                    >
                      title
                    </span>
                    <span>
                      =
                      <span
                        style={Object {}}
                      >
                        "
                        <span
                          style={
                            Object {
                              "color": "#22a",
                              "wordBreak": "break-word",
                            }
                          }
                        >
                          Lorem ipsum dolor sit amet, consectetur adipiscing…
                        </span>
                        "
                      </span>
                    </span>
                  </span>
                  <span>
                    <span>
                      <br />
                        
                    </span>
                    <span
                      style={Object {}}
                    >
                      authorName
                    </span>
                    <span>
                      =
                      <span
                        style={Object {}}
                      >
                        "
                        <span
                          style={
                            Object {
                              "color": "#22a",
                              "wordBreak": "break-word",
                            }
                          }
                        >
                          John Doe
                        </span>
                        "
                      </span>
                    </span>
                  </span>
                  <span>
                    <span>
                      <br />
                        
                    </span>
                    <span
                      style={Object {}}
                    >
                      creationDate
                    </span>
                    <span>
                      =
                      <span
                        style={Object {}}
                      >
                        "
                        <span
                          style={
                            Object {
                              "color": "#22a",
                              "wordBreak": "break-word",
                            }
                          }
                        >
                          01/01/2018
                        </span>
                        "
                      </span>
                    </span>
                  </span>
                  <span>
                    <span>
                      <br />
                        
                    </span>
                    <span
                      style={Object {}}
                    >
                      link
                    </span>
                    <span>
                      =
                      <span
                        style={Object {}}
                      >
                        "
                        <span
                          style={
                            Object {
                              "color": "#22a",
                              "wordBreak": "break-word",
                            }
                          }
                        >
                          /url/preview
                        </span>
                        "
                      </span>
                    </span>
                  </span>
                  <span>
                    <span>
                      <br />
                        
                    </span>
                    <span
                      style={Object {}}
                    >
                      color
                    </span>
                    <span>
                      =
                      <span
                        style={Object {}}
                      >
                        "
                        <span
                          style={
                            Object {
                              "color": "#22a",
                              "wordBreak": "break-word",
                            }
                          }
                        >
                          #b3e5fc
                        </span>
                        "
                      </span>
                    </span>
                  </span>
                  <span>
                    <span>
                      <br />
                        
                    </span>
                    <span
                      style={Object {}}
                    >
                      originalBody
                    </span>
                    <span>
                      =
                      <span
                        style={Object {}}
                      >
                        "
                        <span
                          style={
                            Object {
                              "color": "#22a",
                              "wordBreak": "break-word",
                            }
                          }
                        >
                          Origin body
                        </span>
                        "
                      </span>
                    </span>
                  </span>
                  <span>
                    <span>
                      <br />
                        
                    </span>
                    <span
                      style={Object {}}
                    >
                      refetchIdea
                    </span>
                    <span>
                      =
                      <span
                        style={Object {}}
                      >
                        {
                        <span
                          style={
                            Object {
                              "color": "#170",
                            }
                          }
                        >
                          refetchIdea
                        </span>
                        }
                      </span>
                    </span>
                  </span>
                  <span>
                    <span>
                      <br />
                        
                    </span>
                    <span
                      style={Object {}}
                    >
                      lang
                    </span>
                    <span>
                      =
                      <span
                        style={Object {}}
                      >
                        "
                        <span
                          style={
                            Object {
                              "color": "#22a",
                              "wordBreak": "break-word",
                            }
                          }
                        >
                          fr
                        </span>
                        "
                      </span>
                    </span>
                  </span>
                  <span>
                    <span>
                      <br />
                        
                    </span>
                    <span
                      style={Object {}}
                    >
                      userCanEdit
                    </span>
                  </span>
                  <span>
                    <span>
                      <br />
                        
                    </span>
                    <span
                      style={Object {}}
                    >
                      userCanDelete
                    </span>
                  </span>
                  <span>
                    <span>
                      <br />
                        
                    </span>
                    <span
                      style={Object {}}
                    >
                      deleteFictionHandler
                    </span>
                    <span>
                      =
                      <span
                        style={Object {}}
                      >
                        {
                        <span
                          style={
                            Object {
                              "color": "#170",
                            }
                          }
                        >
                          deleteFictionHandler
                        </span>
                        }
                      </span>
                    </span>
                  </span>
                  <span>
                    <span>
                      <br />
                        
                    </span>
                    <span
                      style={Object {}}
                    >
                      publicationState
                    </span>
                    <span>
                      =
                      <span
                        style={Object {}}
                      >
                        "
                        <span
                          style={
                            Object {
                              "color": "#22a",
                              "wordBreak": "break-word",
                            }
                          }
                        >
                          PUBLISHED
                        </span>
                        "
                      </span>
                    </span>
                    <br />
                  </span>
                </span>
                <span
                  style={
                    Object {
                      "color": "#777",
                    }
                  }
                >
                  /&gt;
                </span>
              </div>
            </div>
            <button
              className="css-py33tc"
              onClick={[Function]}
            >
              <div
                className="css-kv47nt"
              >
                <div
                  style={
                    Object {
                      "marginBottom": 6,
                    }
                  }
                >
                  Copied!
                </div>
                <div>
                  Copy
                </div>
              </div>
            </button>
          </pre>
        </div>
        <div>
          <h1
            style={
              Object {
                "borderBottom": "1px solid #EEE",
                "fontSize": "25px",
                "margin": "20px 0 0 0",
                "padding": "0 0 5px 0",
              }
            }
          >
            Prop Types
          </h1>
          <div>
            <h2
              style={
                Object {
                  "margin": "20px 0 0 0",
                }
              }
            >
              "
              FictionPreview
              " Component
            </h2>
            <small>
              No propTypes defined!
            </small>
          </div>
        </div>
      </div>
    </div>
  </div>
</div>
`;
