// Jest Snapshot v1, https://goo.gl/fbAQLP

exports[`EditPostButton component should render an edit post button 1`] = `
<Button
  active={false}
  block={false}
  bsClass="btn"
  bsStyle="default"
  className="my-custom-class"
  disabled={false}
  onClick={[Function]}
>
  <span
    className="assembl-icon-edit"
  />
</Button>
`;
